============================= test session starts ==============================
platform darwin -- Python 3.13.7, pytest-8.4.2, pluggy-1.6.0 -- /Users/sujoymukherjee/code/githubspeckit/.venv/bin/python3
cachedir: .pytest_cache
rootdir: /Users/sujoymukherjee/code/githubspeckit
configfile: pytest.ini
plugins: asyncio-1.2.0, anyio-4.11.0
asyncio: mode=Mode.AUTO, debug=False, asyncio_default_fixture_loop_scope=None, asyncio_default_test_loop_scope=function
collecting ... collected 411 items

tests/api/test_deprecation_header_contract.py::test_deprecation_header_present_on_feature_flags_list PASSED [  0%]
tests/auth/test_provider_registry_absence_oidc.py::test_only_password_provider_present_phase2 PASSED [  0%]
tests/config/test_config_export_bundle_integrity.py::test_config_export_bundle_integrity_placeholder PASSED [  0%]
tests/config/test_coverage_manifest_persistence.py::test_coverage_manifest_includes_persistence_category PASSED [  0%]
tests/config/test_coverage_manifest_persistence.py::test_coverage_manifest_includes_migration_environment PASSED [  1%]
tests/config/test_coverage_manifest_persistence.py::test_coverage_manifest_includes_seed_scripts PASSED [  1%]
tests/config/test_coverage_manifest_persistence.py::test_coverage_manifest_version_incremented PASSED [  1%]
tests/config/test_coverage_manifest_persistence.py::test_coverage_manifest_all_persistence_files_covered PASSED [  1%]
tests/config/test_coverage_manifest_persistence.py::test_coverage_manifest_structure_valid PASSED [  2%]
tests/config/test_db_threshold_config.py::TestDBThresholdConfigExposure::test_db_threshold_in_descriptor PASSED [  2%]
tests/config/test_db_threshold_config.py::TestDBThresholdConfigExposure::test_db_threshold_default_value PASSED [  2%]
tests/config/test_db_threshold_config.py::TestDBThresholdConfigExposure::test_db_threshold_metadata PASSED [  2%]
tests/config/test_db_threshold_config.py::TestDBThresholdConfigExposure::test_db_threshold_not_required PASSED [  3%]
tests/config/test_db_threshold_config.py::TestDescriptorParserIntegration::test_parse_descriptor_includes_db_threshold PASSED [  3%]
tests/config/test_db_threshold_config.py::TestDescriptorParserIntegration::test_load_config_with_db_threshold PASSED [  3%]
tests/config/test_db_threshold_config.py::TestDescriptorParserIntegration::test_env_override_db_threshold PASSED [  3%]
tests/config/test_db_threshold_config.py::TestEnvExampleGeneration::test_generate_env_example_includes_threshold PASSED [  4%]
tests/config/test_db_threshold_config.py::TestQueryMetricsIntegration::test_query_metrics_uses_configured_threshold PASSED [  4%]
tests/config/test_export_bundle_integrity_real.py::test_export_bundle_integrity_real PASSED [  4%]
tests/config/test_startup_config_failure_json.py::test_startup_failure_emits_aggregated_json PASSED [  4%]
tests/contract/tenant_context/test_self_service_profile.py::test_get_current_user_success_200 FAILED [  5%]
tests/contract/tenant_context/test_self_service_profile.py::test_get_current_user_unauthorized_401 FAILED [  5%]
tests/contract/tenant_context/test_self_service_profile.py::test_get_current_user_tenant_scoped FAILED [  5%]
tests/contract/tenant_context/test_self_service_profile.py::test_get_current_user_schema_validation FAILED [  5%]
tests/contract/tenant_context/test_switch_tenant.py::test_switch_tenant_success_200 FAILED [  6%]
tests/contract/tenant_context/test_switch_tenant.py::test_switch_tenant_forbidden_403 FAILED [  6%]
tests/contract/tenant_context/test_switch_tenant.py::test_switch_tenant_not_found_404 FAILED [  6%]
tests/contract/tenant_context/test_switch_tenant.py::test_switch_tenant_schema_validation FAILED [  6%]
tests/contract/tenant_context/test_tenant_scoped_users.py::test_list_tenant_users_success_200 PASSED [  7%]
tests/contract/tenant_context/test_tenant_scoped_users.py::test_list_tenant_users_forbidden_403 PASSED [  7%]
tests/contract/tenant_context/test_tenant_scoped_users.py::test_list_tenant_users_superadmin_200 PASSED [  7%]
tests/contract/tenant_context/test_tenant_scoped_users.py::test_list_tenant_users_schema_validation SKIPPED [  7%]
tests/contract/tenant_context/test_tenant_scoped_users.py::test_tenant_isolation_policy_header PASSED [  8%]
tests/contract/test_openapi_auth.py::test_auth_contract_placeholder SKIPPED [  8%]
tests/contract/test_openapi_bundle.py::test_openapi_bundle_contains_expected_minimal_paths FAILED [  8%]
tests/contract/test_openapi_config_error_report.py::test_config_error_report_contract FAILED [  8%]
tests/contract/test_openapi_embed_exchange.py::test_embed_exchange_contract_basic FAILED [  9%]
tests/contract/test_openapi_embed_exchange.py::test_embed_exchange_rejects_invalid_token FAILED [  9%]
tests/contract/test_openapi_feature_flags.py::test_feature_flags_contract_placeholder SKIPPED [  9%]
tests/contract/test_openapi_health_config.py::test_health_status_endpoint FAILED [  9%]
tests/contract/test_openapi_health_config.py::test_config_export_contract FAILED [  9%]
tests/contract/test_openapi_invitations_restore.py::test_invitation_accept_contract_placeholder SKIPPED [ 10%]
tests/contract/test_openapi_invitations_restore.py::test_tenant_restore_contract_placeholder SKIPPED [ 10%]
tests/contract/test_openapi_invitations_restore.py::test_user_restore_contract_placeholder SKIPPED [ 10%]
tests/contract/test_openapi_metrics_endpoints.py::test_metrics_endpoints_contract FAILED [ 10%]
tests/contract/test_openapi_metrics_prometheus.py::test_metrics_prometheus_contract_placeholder PASSED [ 11%]
tests/contract/test_openapi_metrics_prometheus.py::test_metrics_prometheus_exposes_tenant_labels PASSED [ 11%]
tests/contract/test_openapi_mfa.py::test_login_mfa_required_placeholder SKIPPED [ 11%]
tests/contract/test_openapi_mfa.py::test_password_reset_mfa_branch_placeholder SKIPPED [ 11%]
tests/contract/test_openapi_observability.py::test_observability_contract_placeholder SKIPPED [ 12%]
tests/contract/test_openapi_policy_dry_run.py::test_policy_dry_run_success_allows_basic_shape FAILED [ 12%]
tests/contract/test_openapi_policy_dry_run.py::test_policy_dry_run_unknown_rationale_rejected FAILED [ 12%]
tests/contract/test_openapi_policy_registration.py::test_policy_registration_requires_implementation FAILED [ 12%]
tests/contract/test_openapi_tenants.py::test_tenant_contract_placeholder SKIPPED [ 13%]
tests/contract/test_openapi_tokens_policies.py::test_token_revocation_contract_placeholder SKIPPED [ 13%]
tests/contract/test_openapi_tokens_policies.py::test_policy_dry_run_contract_placeholder SKIPPED [ 13%]
tests/contract/test_openapi_tokens_policies.py::test_policy_versions_contract_placeholder SKIPPED [ 13%]
tests/contract/test_user_profile_api.py::TestUserProfileContracts::test_get_profile_contract PASSED [ 14%]
tests/contract/test_user_profile_api.py::TestUserProfileContracts::test_put_profile_contract PASSED [ 14%]
tests/contract/test_user_profile_api.py::TestUserProfileContracts::test_put_profile_validation_errors PASSED [ 14%]
tests/contract/test_user_profile_api.py::TestUserProfileContracts::test_post_photo_contract PASSED [ 14%]
tests/contract/test_user_profile_api.py::TestUserProfileContracts::test_post_photo_invalid_file PASSED [ 15%]
tests/contract/test_user_profile_api.py::TestUserProfileContracts::test_post_photo_file_too_large PASSED [ 15%]
tests/contract/test_user_profile_api.py::TestUserProfileContracts::test_delete_photo_contract PASSED [ 15%]
tests/contract/test_user_profile_api.py::TestUserProfileContracts::test_get_profile_rbac_forbidden PASSED [ 15%]
tests/integration/tenant_security/test_audit_logging.py::test_authorization_decision_logged PASSED [ 16%]
tests/integration/tenant_security/test_audit_logging.py::test_tenant_switch_logged SKIPPED [ 16%]
tests/integration/tenant_security/test_audit_logging.py::test_audit_log_completeness PASSED [ 16%]
tests/integration/tenant_security/test_audit_logging.py::test_audit_log_export PASSED [ 16%]
tests/integration/tenant_security/test_backward_compatibility.py::test_query_param_deprecated_warning FAILED [ 17%]
tests/integration/tenant_security/test_backward_compatibility.py::test_query_param_logged_warning FAILED [ 17%]
tests/integration/tenant_security/test_backward_compatibility.py::test_query_param_after_sunset FAILED [ 17%]
tests/integration/tenant_security/test_jwt_isolation.py::test_standard_user_own_tenant PASSED [ 17%]
tests/integration/tenant_security/test_jwt_isolation.py::test_standard_user_cross_tenant_denied PASSED [ 18%]
tests/integration/tenant_security/test_jwt_isolation.py::test_audit_log_cross_tenant_denial SKIPPED [ 18%]
tests/integration/tenant_security/test_performance.py::test_baseline_no_middleware SKIPPED [ 18%]
tests/integration/tenant_security/test_performance.py::test_full_middleware_stack PASSED [ 18%]
tests/integration/tenant_security/test_performance.py::test_jwt_extraction_overhead PASSED [ 18%]
tests/integration/tenant_security/test_performance.py::test_policy_evaluation_overhead PASSED [ 19%]
tests/integration/tenant_security/test_rbac_enforcement.py::test_standard_user_admin_route_denied PASSED [ 19%]
tests/integration/tenant_security/test_rbac_enforcement.py::test_tenant_admin_own_routes SKIPPED [ 19%]
tests/integration/tenant_security/test_rbac_enforcement.py::test_tenant_admin_cross_tenant_denied SKIPPED [ 19%]
tests/integration/tenant_security/test_session_switching.py::test_switch_tenant_session_created FAILED [ 20%]
tests/integration/tenant_security/test_session_switching.py::test_subsequent_requests_use_session FAILED [ 20%]
tests/integration/tenant_security/test_session_switching.py::test_logout_clears_session FAILED [ 20%]
tests/integration/tenant_security/test_session_switching.py::test_session_expiration FAILED [ 20%]
tests/integration/tenant_security/test_superadmin_access.py::test_superadmin_access_tenant_a PASSED [ 21%]
tests/integration/tenant_security/test_superadmin_access.py::test_superadmin_access_tenant_b PASSED [ 21%]
tests/integration/tenant_security/test_superadmin_access.py::test_audit_log_cross_tenant_allowed SKIPPED [ 21%]
tests/integration/test_audit_metadata_persistence.py::test_audit_metadata_population_placeholder SKIPPED [ 21%]
tests/integration/test_audit_scenarios.py::test_audit_trail_verification FAILED [ 22%]
tests/integration/test_bulk_operations_scenarios.py::test_bulk_operations PASSED [ 22%]
tests/integration/test_feature_flag_scenarios.py::test_feature_flag_management PASSED [ 22%]
tests/integration/test_invitation_scenarios.py::test_user_invitation_flow PASSED [ 22%]
tests/integration/test_photo_upload.py::TestPhotoUpload::test_upload_profile_photo PASSED [ 23%]
tests/integration/test_photo_upload.py::TestPhotoUpload::test_replace_existing_photo PASSED [ 23%]
tests/integration/test_photo_upload.py::TestPhotoUpload::test_delete_profile_photo PASSED [ 23%]
tests/integration/test_policy_api.py::test_policy_register_tenant_admin PASSED [ 23%]
tests/integration/test_policy_api.py::test_policy_register_invalid_effect PASSED [ 24%]
tests/integration/test_policy_api.py::test_policy_register_deny_effect PASSED [ 24%]
tests/integration/test_policy_api.py::test_policy_list_tenant_admin_isolation PASSED [ 24%]
tests/integration/test_policy_api.py::test_policy_list_superadmin_cross_tenant PASSED [ 24%]
tests/integration/test_policy_api.py::test_policy_list_superadmin_requires_tenant_id FAILED [ 25%]
tests/integration/test_policy_api.py::test_policy_list_standard_user_forbidden PASSED [ 25%]
tests/integration/test_policy_api.py::test_policy_register_standard_user_forbidden PASSED [ 25%]
tests/integration/test_policy_api.py::test_policy_list_include_deleted_parameter PASSED [ 25%]
tests/integration/test_policy_api.py::test_policy_content_range_header PASSED [ 26%]
tests/integration/test_policy_api.py::test_policy_upsert_behavior PASSED [ 26%]
tests/integration/test_profile_management.py::TestProfileManagement::test_create_profile_with_full_details PASSED [ 26%]
tests/integration/test_profile_management.py::TestProfileManagement::test_update_profile_partial PASSED [ 26%]
tests/integration/test_profile_management.py::TestProfileManagement::test_clear_optional_fields PASSED [ 27%]
tests/integration/test_profile_rbac.py::TestProfileRBAC::test_user_cannot_edit_other_profiles PASSED [ 27%]
tests/integration/test_profile_rbac.py::TestProfileRBAC::test_user_can_view_own_profile PASSED [ 27%]
tests/integration/test_profile_rbac.py::TestProfileRBAC::test_user_can_edit_own_profile PASSED [ 27%]
tests/integration/test_profile_rbac.py::TestProfileRBAC::test_tenant_admin_can_view_tenant_user_profiles PASSED [ 27%]
tests/integration/test_profile_rbac.py::TestProfileRBAC::test_tenant_admin_cannot_view_other_tenant_profiles PASSED [ 28%]
tests/integration/test_profile_rbac.py::TestProfileRBAC::test_superadmin_can_view_all_profiles PASSED [ 28%]
tests/integration/test_profile_rbac.py::TestProfileRBAC::test_user_cannot_upload_photo_for_others PASSED [ 28%]
tests/integration/test_profile_validation.py::TestProfileValidation::test_invalid_phone_number PASSED [ 28%]
tests/integration/test_profile_validation.py::TestProfileValidation::test_phone_too_short PASSED [ 29%]
tests/integration/test_profile_validation.py::TestProfileValidation::test_phone_too_long PASSED [ 29%]
tests/integration/test_profile_validation.py::TestProfileValidation::test_address_too_long PASSED [ 29%]
tests/integration/test_profile_validation.py::TestProfileValidation::test_full_name_too_long PASSED [ 29%]
tests/integration/test_profile_validation.py::TestProfileValidation::test_empty_string_converted_to_null PASSED [ 30%]
tests/integration/test_profile_validation.py::TestProfileValidation::test_valid_profile_data PASSED [ 30%]
tests/integration/test_rbac_enforcement.py::test_rbac_enforcement SKIPPED [ 30%]
tests/integration/test_rbac_scenarios.py::test_rbac_policy_management SKIPPED [ 30%]
tests/integration/test_soft_delete_visibility.py::TestIncludeDeletedParameter::test_users_accepts_include_deleted_parameter PASSED [ 31%]
tests/integration/test_soft_delete_visibility.py::TestIncludeDeletedParameter::test_tenants_accepts_include_deleted_parameter FAILED [ 31%]
tests/integration/test_soft_delete_visibility.py::TestIncludeDeletedParameter::test_policies_accepts_include_deleted_parameter PASSED [ 31%]
tests/integration/test_soft_delete_visibility.py::TestIncludeDeletedParameter::test_feature_flags_accepts_include_deleted_parameter PASSED [ 31%]
tests/integration/test_superadmin_scenarios.py::test_superadmin_cross_tenant_management FAILED [ 32%]
tests/integration/test_tenant_admin_scenarios.py::test_tenant_admin_user_management PASSED [ 32%]
tests/integration/test_tenant_isolation.py::test_tenant_isolation FAILED [ 32%]
tests/integration/test_tracing_span_coverage.py::test_tracing_span_capture_placeholder PASSED [ 32%]
tests/metrics/test_prometheus_client_import.py::test_prometheus_client_import_and_counter PASSED [ 33%]
tests/metrics/test_required_metrics_set.py::test_required_metrics_registered PASSED [ 33%]
tests/observability/test_policy_histogram.py::test_policy_evaluation_latency_histogram_name_and_observation PASSED [ 33%]
tests/performance/test_admin_api_performance.py::test_admin_api_performance FAILED [ 33%]
tests/persistence/test_db_abstraction.py::TestDatabaseConfigDetection::test_detect_postgresql_url PASSED [ 34%]
tests/persistence/test_db_abstraction.py::TestDatabaseConfigDetection::test_detect_sqlite_url PASSED [ 34%]
tests/persistence/test_db_abstraction.py::TestDatabaseConfigDetection::test_detect_mysql_url PASSED [ 34%]
tests/persistence/test_db_abstraction.py::TestDatabaseConfigDetection::test_unsupported_database_raises_error PASSED [ 34%]
tests/persistence/test_db_abstraction.py::TestDatabaseFeatureDetection::test_postgresql_features PASSED [ 35%]
tests/persistence/test_db_abstraction.py::TestDatabaseFeatureDetection::test_sqlite_features PASSED [ 35%]
tests/persistence/test_db_abstraction.py::TestDatabaseFeatureDetection::test_mysql_features PASSED [ 35%]
tests/persistence/test_db_abstraction.py::TestEngineCreation::test_postgresql_engine_settings PASSED [ 35%]
tests/persistence/test_db_abstraction.py::TestEngineCreation::test_sqlite_engine_settings PASSED [ 36%]
tests/persistence/test_db_abstraction.py::TestEngineCreation::test_engine_override_settings SKIPPED [ 36%]
tests/persistence/test_db_abstraction.py::TestPortableUUID::test_portable_uuid_initialization PASSED [ 36%]
tests/persistence/test_db_abstraction.py::TestPortableUUID::test_uuid_string_conversion PASSED [ 36%]
tests/persistence/test_db_abstraction.py::TestPortableUUID::test_uuid_postgresql_passthrough PASSED [ 36%]
tests/persistence/test_db_abstraction.py::TestPortableUUID::test_uuid_none_handling PASSED [ 37%]
tests/persistence/test_db_abstraction.py::TestDatabaseURLHelper::test_get_database_url_with_default PASSED [ 37%]
tests/persistence/test_db_abstraction.py::TestDatabaseURLHelper::test_get_database_url_no_default_raises_error PASSED [ 37%]
tests/persistence/test_db_abstraction.py::TestConstitutionCompliance::test_supports_postgresql_primary PASSED [ 37%]
tests/persistence/test_db_abstraction.py::TestConstitutionCompliance::test_supports_sqlite_local_dev PASSED [ 38%]
tests/persistence/test_db_abstraction.py::TestConstitutionCompliance::test_future_mysql_support_ready SKIPPED [ 38%]
tests/persistence/test_db_abstraction.py::TestConstitutionCompliance::test_portable_uuid_works_across_databases PASSED [ 38%]
tests/persistence/test_fk_cascade_behavior.py::TestForeignKeyCascadeBehavior::test_delete_user_cascades_to_password_resets PASSED [ 38%]
tests/persistence/test_fk_cascade_behavior.py::TestForeignKeyCascadeBehavior::test_delete_user_cascades_to_user_roles PASSED [ 39%]
tests/persistence/test_fk_cascade_behavior.py::TestForeignKeyCascadeBehavior::test_delete_user_cascades_to_user_mfa PASSED [ 39%]
tests/persistence/test_fk_cascade_behavior.py::TestForeignKeyCascadeBehavior::test_delete_tenant_cascades_to_users PASSED [ 39%]
tests/persistence/test_fk_cascade_behavior.py::TestForeignKeyCascadeBehavior::test_delete_tenant_cascades_to_invitations PASSED [ 39%]
tests/persistence/test_fk_cascade_behavior.py::TestForeignKeyCascadeBehavior::test_delete_tenant_cascades_to_policies PASSED [ 40%]
tests/persistence/test_fk_cascade_behavior.py::TestForeignKeyCascadeBehavior::test_delete_tenant_cascades_to_feature_flags PASSED [ 40%]
tests/persistence/test_fk_cascade_behavior.py::TestForeignKeyCascadeBehavior::test_delete_policy_cascades_to_evaluation_logs PASSED [ 40%]
tests/persistence/test_fk_cascade_behavior.py::TestForeignKeySetNullBehavior::test_delete_tenant_preserves_audit_events_with_set_null PASSED [ 40%]
tests/persistence/test_fk_cascade_behavior.py::TestForeignKeySetNullBehavior::test_delete_user_preserves_audit_events_with_set_null PASSED [ 41%]
tests/persistence/test_fk_cascade_behavior.py::TestSoftDeleteDoesNotCascade::test_soft_delete_tenant_preserves_users PASSED [ 41%]
tests/persistence/test_fk_cascade_behavior.py::TestSoftDeleteDoesNotCascade::test_soft_delete_tenant_preserves_policies PASSED [ 41%]
tests/persistence/test_fk_cascade_behavior.py::TestForeignKeyConstraintViolations::test_cannot_create_user_with_nonexistent_tenant PASSED [ 41%]
tests/persistence/test_fk_cascade_behavior.py::TestForeignKeyConstraintViolations::test_cannot_create_policy_with_nonexistent_tenant PASSED [ 42%]
tests/persistence/test_fk_cascade_behavior.py::TestForeignKeyConstraintViolations::test_cannot_create_password_reset_with_nonexistent_user PASSED [ 42%]
tests/persistence/test_migration_check.py::TestMigrationHeadCheck::test_matching_revisions_success PASSED [ 42%]
tests/persistence/test_migration_check.py::TestMigrationHeadCheck::test_mismatched_revisions_detected PASSED [ 42%]
tests/persistence/test_migration_check.py::TestMigrationHeadCheck::test_mismatch_aborts_startup_by_default PASSED [ 43%]
tests/persistence/test_migration_check.py::TestMigrationHeadCheck::test_no_revision_in_database PASSED [ 43%]
tests/persistence/test_migration_check.py::TestStartupMigrationCheck::test_startup_check_passes_when_up_to_date PASSED [ 43%]
tests/persistence/test_migration_check.py::TestStartupMigrationCheck::test_startup_check_fails_when_behind PASSED [ 43%]
tests/persistence/test_migration_check.py::TestHealthEndpointIntegration::test_health_check_returns_status PASSED [ 44%]
tests/persistence/test_migration_check.py::TestHealthEndpointIntegration::test_health_check_handles_errors PASSED [ 44%]
tests/persistence/test_migration_check.py::TestRevisionRetrieval::test_get_head_revision_from_config PASSED [ 44%]
tests/persistence/test_migration_check.py::TestRevisionRetrieval::test_get_current_revision_queries_database PASSED [ 44%]
tests/persistence/test_migration_check.py::TestRevisionRetrieval::test_get_current_revision_handles_missing_table PASSED [ 45%]
tests/persistence/test_migration_smoke.py::TestMigrationSmoke::test_fresh_migration_applies_successfully PASSED [ 45%]
tests/persistence/test_migration_smoke.py::TestMigrationSmoke::test_migration_idempotency PASSED [ 45%]
tests/persistence/test_migration_smoke.py::TestMigrationSmoke::test_expected_tables_exist PASSED [ 45%]
tests/persistence/test_migration_smoke.py::TestMigrationSmoke::test_expected_indexes_exist PASSED [ 45%]
tests/persistence/test_migration_smoke.py::TestMigrationSmoke::test_expected_foreign_keys_exist PASSED [ 46%]
tests/persistence/test_migration_smoke.py::TestMigrationSmoke::test_expected_enums_exist SKIPPED [ 46%]
tests/persistence/test_migration_smoke.py::TestMigrationSmoke::test_downgrade_and_reupgrade SKIPPED [ 46%]
tests/persistence/test_persistence_tenant_isolation.py::TestTenantIsolation::test_user_list_by_tenant_filters_correctly PASSED [ 46%]
tests/persistence/test_persistence_tenant_isolation.py::TestTenantIsolation::test_policy_list_by_tenant_filters_correctly PASSED [ 47%]
tests/persistence/test_persistence_tenant_isolation.py::TestTenantIsolation::test_feature_flag_list_by_tenant_filters_correctly PASSED [ 47%]
tests/persistence/test_persistence_tenant_isolation.py::TestSoftDeleteEnforcement::test_soft_deleted_tenant_excluded_from_list PASSED [ 47%]
tests/persistence/test_persistence_tenant_isolation.py::TestSoftDeleteEnforcement::test_soft_deleted_user_excluded_from_list_by_tenant PASSED [ 47%]
tests/persistence/test_persistence_tenant_isolation.py::TestSoftDeleteEnforcement::test_soft_deleted_entity_can_be_restored PASSED [ 48%]
tests/persistence/test_policy_evaluation_logs.py::TestPolicyEvaluationLogPersistence::test_persist_evaluation_log_basic PASSED [ 48%]
tests/persistence/test_policy_evaluation_logs.py::TestPolicyEvaluationLogPersistence::test_evaluation_log_tenant_isolation PASSED [ 48%]
tests/persistence/test_policy_evaluation_logs.py::TestPolicyEvaluationLogPersistence::test_evaluation_log_query_by_user PASSED [ 48%]
tests/persistence/test_policy_evaluation_logs.py::TestPolicyEvaluationLogPersistence::test_evaluation_log_rationale_codes PASSED [ 49%]
tests/persistence/test_query_metrics.py::TestQueryClassification::test_classify_select_query PASSED [ 49%]
tests/persistence/test_query_metrics.py::TestQueryClassification::test_classify_insert_query PASSED [ 49%]
tests/persistence/test_query_metrics.py::TestQueryClassification::test_classify_update_query PASSED [ 49%]
tests/persistence/test_query_metrics.py::TestQueryClassification::test_classify_delete_query PASSED [ 50%]
tests/persistence/test_query_metrics.py::TestQueryClassification::test_classify_ddl_query PASSED [ 50%]
tests/persistence/test_query_metrics.py::TestQueryClassification::test_classify_transaction_query PASSED [ 50%]
tests/persistence/test_query_metrics.py::TestQueryClassification::test_classify_unknown_query PASSED [ 50%]
tests/persistence/test_query_metrics.py::TestQueryMetricsRecording::test_record_fast_query_no_log PASSED [ 51%]
tests/persistence/test_query_metrics.py::TestQueryMetricsRecording::test_record_slow_query_emits_log PASSED [ 51%]
tests/persistence/test_query_metrics.py::TestQueryMetricsRecording::test_record_query_with_context PASSED [ 51%]
tests/persistence/test_query_metrics.py::TestQueryMetricsRecording::test_slow_query_truncates_long_queries PASSED [ 51%]
tests/persistence/test_query_metrics.py::TestLatencyPercentiles::test_percentiles_empty_metrics PASSED [ 52%]
tests/persistence/test_query_metrics.py::TestLatencyPercentiles::test_percentiles_single_query PASSED [ 52%]
tests/persistence/test_query_metrics.py::TestLatencyPercentiles::test_percentiles_multiple_queries PASSED [ 52%]
tests/persistence/test_query_metrics.py::TestLatencyPercentiles::test_percentiles_filter_by_query_type PASSED [ 52%]
tests/persistence/test_query_metrics.py::TestQueryMetricsSingleton::test_get_query_metrics_returns_singleton PASSED [ 53%]
tests/persistence/test_query_metrics.py::TestQueryMetricsSingleton::test_query_metrics_default_threshold PASSED [ 53%]
tests/persistence/test_query_metrics.py::TestQueryMetricsSingleton::test_query_metrics_custom_threshold PASSED [ 53%]
tests/persistence/test_replay_store.py::TestDatabaseReplayStoreParity::test_first_registration_succeeds PASSED [ 53%]
tests/persistence/test_replay_store.py::TestDatabaseReplayStoreParity::test_second_registration_fails_replay PASSED [ 54%]
tests/persistence/test_replay_store.py::TestDatabaseReplayStoreParity::test_expired_token_can_be_reregistered PASSED [ 54%]
tests/persistence/test_replay_store.py::TestDatabaseReplayStoreParity::test_is_replayed_check_without_registration PASSED [ 54%]
tests/persistence/test_replay_store.py::TestDatabaseReplayStoreParity::test_multi_tenant_isolation PASSED [ 54%]
tests/persistence/test_replay_store.py::TestDatabaseReplayStoreCleanup::test_cleanup_expired_removes_old_entries PASSED [ 54%]
tests/persistence/test_replay_store.py::TestDatabaseReplayStoreCleanup::test_cleanup_expired_no_entries PASSED [ 55%]
tests/persistence/test_replay_store.py::TestDatabaseReplayStoreCleanup::test_count_active_records PASSED [ 55%]
tests/persistence/test_replay_store.py::TestDatabaseReplayStoreCleanup::test_count_active_by_tenant PASSED [ 55%]
tests/persistence/test_replay_store.py::TestDatabaseReplayStoreEdgeCases::test_concurrent_registration_same_jti PASSED [ 55%]
tests/persistence/test_replay_store.py::TestDatabaseReplayStoreEdgeCases::test_very_short_ttl PASSED [ 56%]
tests/persistence/test_replay_store.py::TestDatabaseReplayStoreEdgeCases::test_empty_jti_handled PASSED [ 56%]
tests/persistence/test_replay_store.py::TestInMemoryReplayStoreParity::test_in_memory_first_registration_succeeds PASSED [ 56%]
tests/persistence/test_replay_store.py::TestInMemoryReplayStoreParity::test_in_memory_second_registration_fails PASSED [ 56%]
tests/persistence/test_replay_store.py::TestInMemoryReplayStoreParity::test_in_memory_expired_can_reregister PASSED [ 57%]
tests/persistence/test_repository_parity.py::TestTenantRepositoryParity::test_upsert_new_tenant PASSED [ 57%]
tests/persistence/test_repository_parity.py::TestTenantRepositoryParity::test_upsert_update_existing_tenant PASSED [ 57%]
tests/persistence/test_repository_parity.py::TestTenantRepositoryParity::test_get_existing_tenant PASSED [ 57%]
tests/persistence/test_repository_parity.py::TestTenantRepositoryParity::test_get_nonexistent_tenant PASSED [ 58%]
tests/persistence/test_repository_parity.py::TestTenantRepositoryParity::test_list_tenants PASSED [ 58%]
tests/persistence/test_repository_parity.py::TestTenantRepositoryParity::test_soft_delete_tenant PASSED [ 58%]
tests/persistence/test_repository_parity.py::TestTenantRepositoryParity::test_restore_tenant PASSED [ 58%]
tests/persistence/test_repository_parity.py::TestUserRepositoryParity::test_upsert_new_user PASSED [ 59%]
tests/persistence/test_repository_parity.py::TestUserRepositoryParity::test_upsert_update_existing_user PASSED [ 59%]
tests/persistence/test_repository_parity.py::TestUserRepositoryParity::test_get_existing_user PASSED [ 59%]
tests/persistence/test_repository_parity.py::TestUserRepositoryParity::test_get_nonexistent_user PASSED [ 59%]
tests/persistence/test_repository_parity.py::TestUserRepositoryParity::test_list_by_tenant PASSED [ 60%]
tests/persistence/test_repository_parity.py::TestUserRepositoryParity::test_soft_delete_user PASSED [ 60%]
tests/persistence/test_repository_parity.py::TestUserRepositoryParity::test_restore_user PASSED [ 60%]
tests/persistence/test_repository_parity.py::TestPolicyRepositoryParity::test_upsert_new_policy PASSED [ 60%]
tests/persistence/test_repository_parity.py::TestPolicyRepositoryParity::test_upsert_update_existing_policy PASSED [ 61%]
tests/persistence/test_repository_parity.py::TestPolicyRepositoryParity::test_get_existing_policy PASSED [ 61%]
tests/persistence/test_repository_parity.py::TestPolicyRepositoryParity::test_get_nonexistent_policy PASSED [ 61%]
tests/persistence/test_repository_parity.py::TestPolicyRepositoryParity::test_list_by_tenant PASSED [ 61%]
tests/persistence/test_repository_parity.py::TestFeatureFlagRepositoryParity::test_upsert_new_flag PASSED [ 62%]
tests/persistence/test_repository_parity.py::TestFeatureFlagRepositoryParity::test_upsert_update_existing_flag PASSED [ 62%]
tests/persistence/test_repository_parity.py::TestFeatureFlagRepositoryParity::test_get_existing_flag PASSED [ 62%]
tests/persistence/test_repository_parity.py::TestFeatureFlagRepositoryParity::test_get_nonexistent_flag PASSED [ 62%]
tests/persistence/test_repository_parity.py::TestFeatureFlagRepositoryParity::test_list_by_tenant PASSED [ 63%]
tests/persistence/test_seed_idempotency.py::TestSeedIdempotency::test_initial_seed_creates_entities PASSED [ 63%]
tests/persistence/test_seed_idempotency.py::TestSeedIdempotency::test_second_seed_is_idempotent PASSED [ 63%]
tests/persistence/test_seed_idempotency.py::TestSeedIdempotency::test_deterministic_uuid_generation PASSED [ 63%]
tests/persistence/test_seed_idempotency.py::TestSeedIdempotency::test_multiple_tenants_coexist PASSED [ 63%]
tests/persistence/test_seed_idempotency.py::TestSeedConflictDetection::test_conflict_summary_contains_correct_fields PASSED [ 64%]
tests/persistence/test_seed_idempotency.py::TestSeedConflictDetection::test_partial_conflict_detection PASSED [ 64%]
tests/persistence/test_seed_idempotency.py::TestSeedConflictDetection::test_count_accuracy_after_multiple_seeds PASSED [ 64%]
tests/persistence/test_seed_idempotency.py::TestSeedConflictDetection::test_idempotent_flag_correct PASSED [ 64%]
tests/quality/test_justification_cross_ref.py::test_justification_ids_match_registry PASSED [ 65%]
tests/security/test_cache_headers.py::test_auth_login_endpoint_prevents_caching PASSED [ 65%]
tests/security/test_cache_headers.py::test_auth_refresh_endpoint_prevents_caching PASSED [ 65%]
tests/security/test_cache_headers.py::test_user_endpoints_prevent_caching ERROR [ 65%]
tests/security/test_cache_headers.py::test_policy_endpoints_prevent_caching ERROR [ 66%]
tests/security/test_cache_headers.py::test_audit_endpoints_prevent_caching ERROR [ 66%]
tests/security/test_cache_headers.py::test_tenant_endpoints_prevent_caching ERROR [ 66%]
tests/security/test_cache_headers.py::test_health_endpoint_can_be_cached FAILED [ 66%]
tests/security/test_cache_headers.py::test_feature_flags_prevent_caching ERROR [ 67%]
tests/security/test_cache_headers.py::test_security_headers_include_xss_protection ERROR [ 67%]
tests/unit/api/test_audit_query_pagination_filters.py::test_audit_query_basic_filters SKIPPED [ 67%]
tests/unit/api/test_audit_query_pagination_filters.py::test_audit_query_pagination SKIPPED [ 67%]
tests/unit/audit/test_audit_query_filters.py::test_audit_query_filters_placeholder SKIPPED [ 68%]
tests/unit/auth_core/test_argon2_hash_upgrade.py::test_argon2_needs_rehash_on_param_strength_increase PASSED [ 68%]
tests/unit/auth_core/test_auth_provider_registry.py::test_default_registry_only_password PASSED [ 68%]
tests/unit/auth_core/test_authentication_service.py::test_login_password_basic_no_mfa PASSED [ 68%]
tests/unit/auth_core/test_authentication_service.py::test_login_password_mfa_required_branch PASSED [ 69%]
tests/unit/auth_core/test_key_rotation.py::test_key_rotation_grace_allows_old_token_until_expiry PASSED [ 69%]
tests/unit/auth_core/test_key_rotation.py::test_rotate_rejects_duplicate_kid PASSED [ 69%]
tests/unit/auth_core/test_mfa_verify_pass_through.py::test_mfa_pass_through_when_not_enrolled PASSED [ 69%]
tests/unit/auth_core/test_password_hashing.py::test_password_auth_success_and_upgrade_needed PASSED [ 70%]
tests/unit/auth_core/test_password_hashing.py::test_password_auth_invalid_credentials PASSED [ 70%]
tests/unit/auth_core/test_password_reset_service.py::test_password_reset_lifecycle_success PASSED [ 70%]
tests/unit/auth_core/test_password_reset_service.py::test_password_reset_expired PASSED [ 70%]
tests/unit/auth_core/test_provider_registry.py::test_default_registry_contains_only_password_provider PASSED [ 71%]
tests/unit/auth_core/test_provider_registry.py::test_registering_duplicate_provider_raises PASSED [ 71%]
tests/unit/auth_core/test_provider_registry_absence.py::test_only_password_provider_present PASSED [ 71%]
tests/unit/auth_core/test_replay_near_expiry.py::test_replay_near_expiry_placeholder PASSED [ 71%]
tests/unit/auth_core/test_revocation_and_replay.py::test_replay_detection PASSED [ 72%]
tests/unit/auth_core/test_revocation_and_replay.py::test_revocation_blocks_future_validations PASSED [ 72%]
tests/unit/auth_core/test_session_invalidation.py::test_session_version_invalidation PASSED [ 72%]
tests/unit/auth_core/test_token_issuance.py::test_token_issuance_basic_claims PASSED [ 72%]
tests/unit/auth_core/test_token_issuance.py::test_token_issuance_custom_expiry PASSED [ 72%]
tests/unit/auth_core/test_token_issuance.py::test_token_rejects_wrong_audience PASSED [ 73%]
tests/unit/config/test_config_drift_detection.py::test_config_drift_detects_missing_and_unexpected PASSED [ 73%]
tests/unit/config/test_config_drift_detection.py::test_config_drift_no_drift_when_exact_match PASSED [ 73%]
tests/unit/config/test_config_hash_excludes_secrets.py::test_config_hash_excludes_secret_entries PASSED [ 73%]
tests/unit/config/test_config_hash_excludes_secrets.py::test_deterministic_namespace_uuid_constant PASSED [ 74%]
tests/unit/config/test_config_immutability_guard.py::test_config_immutability_guard_blocks_mutation PASSED [ 74%]
tests/unit/config/test_config_required_keys.py::test_required_keys_missing_raises PASSED [ 74%]
tests/unit/config/test_config_required_keys.py::test_password_policy_exposed_when_present PASSED [ 74%]
tests/unit/crosscut/test_correlation_propagation.py::test_correlation_header_roundtrip FAILED [ 75%]
tests/unit/crosscut/test_correlation_propagation.py::test_correlation_generated_when_absent FAILED [ 75%]
tests/unit/crosscut/test_hash_upgrade_audit.py::test_hash_upgrade_audit_placeholder SKIPPED [ 75%]
tests/unit/crosscut/test_role_downgrade_invalidation.py::test_role_downgrade_invalidation_placeholder SKIPPED [ 75%]
tests/unit/domain/test_audit_appender.py::TestInMemoryAuditAppender::test_append_stores_event PASSED [ 76%]
tests/unit/domain/test_audit_appender.py::TestInMemoryAuditAppender::test_list_returns_all_events_when_no_filter PASSED [ 76%]
tests/unit/domain/test_audit_appender.py::TestInMemoryAuditAppender::test_list_filters_by_tenant_id PASSED [ 76%]
tests/unit/domain/test_audit_appender.py::TestInMemoryAuditAppender::test_list_returns_empty_for_no_matches PASSED [ 76%]
tests/unit/domain/test_audit_appender.py::TestAuditAppenderInterface::test_append_not_implemented PASSED [ 77%]
tests/unit/domain/test_audit_metadata_presence.py::test_audit_metadata_presence_across_domain_entities PASSED [ 77%]
tests/unit/domain/test_domain_tenant_isolation.py::test_tenant_isolation_and_superadmin_bypass PASSED [ 77%]
tests/unit/domain/test_invitation_repository.py::TestInvitationRepository::test_upsert_stores_invitation PASSED [ 77%]
tests/unit/domain/test_invitation_repository.py::TestInvitationRepository::test_get_returns_none_for_missing_invitation PASSED [ 78%]
tests/unit/domain/test_invitation_repository.py::TestInvitationRepository::test_get_marks_expired_invitation PASSED [ 78%]
tests/unit/domain/test_invitation_repository.py::TestInvitationRepository::test_get_does_not_mark_non_pending_as_expired PASSED [ 78%]
tests/unit/domain/test_invitation_repository.py::TestInvitationRepository::test_list_by_tenant_filters_correctly PASSED [ 78%]
tests/unit/domain/test_invitation_repository.py::TestInvitationRepository::test_list_by_tenant_marks_expired_pending_invitations PASSED [ 79%]
tests/unit/domain/test_invitation_repository.py::TestInvitationRepository::test_list_by_tenant_returns_empty_for_no_matches PASSED [ 79%]
tests/unit/domain/test_soft_delete_restore.py::test_soft_delete_restore_invariants_tenant_and_user PASSED [ 79%]
tests/unit/domain/test_tenant_context.py::test_effective_tenant_id_standard_user PASSED [ 79%]
tests/unit/domain/test_tenant_context.py::test_effective_tenant_id_superadmin_no_session PASSED [ 80%]
tests/unit/domain/test_tenant_context.py::test_effective_tenant_id_superadmin_with_session PASSED [ 80%]
tests/unit/domain/test_tenant_context.py::test_can_access_tenant_superadmin PASSED [ 80%]
tests/unit/domain/test_tenant_context.py::test_can_access_tenant_same PASSED [ 80%]
tests/unit/domain/test_tenant_context.py::test_can_access_tenant_cross PASSED [ 81%]
tests/unit/domain/test_tenant_policy.py::test_evaluate_cross_tenant_superadmin PASSED [ 81%]
tests/unit/domain/test_tenant_policy.py::test_evaluate_cross_tenant_same_tenant PASSED [ 81%]
tests/unit/domain/test_tenant_policy.py::test_evaluate_cross_tenant_different_tenant PASSED [ 81%]
tests/unit/domain/test_tenant_policy.py::test_evaluate_admin_route_superadmin PASSED [ 81%]
tests/unit/domain/test_tenant_policy.py::test_evaluate_admin_route_tenant_admin PASSED [ 82%]
tests/unit/domain/test_tenant_policy.py::test_evaluate_admin_route_standard_user PASSED [ 82%]
tests/unit/middleware/test_authorization_middleware.py::test_allow_cross_tenant_superadmin FAILED [ 82%]
tests/unit/middleware/test_authorization_middleware.py::test_deny_cross_tenant_standard_user FAILED [ 82%]
tests/unit/middleware/test_authorization_middleware.py::test_allow_same_tenant FAILED [ 83%]
tests/unit/middleware/test_authorization_middleware.py::test_admin_route_superadmin FAILED [ 83%]
tests/unit/middleware/test_authorization_middleware.py::test_admin_route_tenant_admin FAILED [ 83%]
tests/unit/middleware/test_authorization_middleware.py::test_admin_route_denied FAILED [ 83%]
tests/unit/middleware/test_authorization_middleware.py::test_audit_log_created FAILED [ 84%]
tests/unit/middleware/test_session_middleware.py::test_read_session_tenant FAILED [ 84%]
tests/unit/middleware/test_session_middleware.py::test_session_not_found FAILED [ 84%]
tests/unit/middleware/test_session_middleware.py::test_inject_session_context FAILED [ 84%]
tests/unit/middleware/test_session_middleware.py::test_cookie_backend_fallback FAILED [ 85%]
tests/unit/middleware/test_tenant_context_middleware.py::test_extract_tenant_from_jwt FAILED [ 85%]
tests/unit/middleware/test_tenant_context_middleware.py::test_extract_superadmin_role FAILED [ 85%]
tests/unit/middleware/test_tenant_context_middleware.py::test_inject_request_state FAILED [ 85%]
tests/unit/middleware/test_tenant_context_middleware.py::test_missing_jwt FAILED [ 86%]
tests/unit/middleware/test_tenant_context_middleware.py::test_invalid_tenant_id_format FAILED [ 86%]
tests/unit/observability/test_audit_event_emission.py::test_audit_event_emission_for_invite_and_user_actions SKIPPED [ 86%]
tests/unit/observability/test_audit_redaction_export.py::test_audit_redaction_and_export PASSED [ 86%]
tests/unit/observability/test_auth_metrics.py::test_authentication_emits_failure_metric PASSED [ 87%]
tests/unit/observability/test_invitation_metrics.py::test_invitation_service_emits_auth_failure_metric_on_missing SKIPPED [ 87%]
tests/unit/observability/test_log_export_and_regression_and_latency.py::test_log_export_bounds_and_truncation FAILED [ 87%]
tests/unit/observability/test_log_export_and_regression_and_latency.py::test_regression_trigger PASSED [ 87%]
tests/unit/observability/test_log_export_and_regression_and_latency.py::test_revocation_audit_emission PASSED [ 88%]
tests/unit/observability/test_log_export_and_regression_and_latency.py::test_token_validation_failure_logging PASSED [ 88%]
tests/unit/observability/test_log_export_and_regression_and_latency.py::test_metrics_snapshot_and_policy_latency_histogram FAILED [ 88%]
tests/unit/observability/test_policy_metrics.py::test_policy_evaluator_emits_denial_metric PASSED [ 88%]
tests/unit/observability/test_regression_false_positive.py::test_regression_detector_filters_transient_spikes PASSED [ 89%]
tests/unit/observability/test_service_metrics_integration.py::test_user_lifecycle_emits_active_user_metrics PASSED [ 89%]
tests/unit/observability/test_structured_logging.py::test_structured_logging_fields_and_redaction FAILED [ 89%]
tests/unit/observability/test_structured_logging.py::test_error_envelope_handler FAILED [ 89%]
tests/unit/observability/test_tracing_startup.py::test_tracing_startup_console PASSED [ 90%]
tests/unit/observability/test_tracing_startup.py::test_tracing_startup_otlp PASSED [ 90%]
tests/unit/policy/test_admin_defense_in_depth.py::test_missing_principal_layer PASSED [ 90%]
tests/unit/policy/test_admin_defense_in_depth.py::test_missing_admin_role_layer PASSED [ 90%]
tests/unit/policy/test_admin_defense_in_depth.py::test_missing_explicit_scope_layer PASSED [ 90%]
tests/unit/policy/test_admin_defense_in_depth.py::test_policy_denial_overrides PASSED [ 91%]
tests/unit/policy/test_admin_defense_in_depth.py::test_success_allow PASSED [ 91%]
tests/unit/policy/test_admin_defense_in_depth.py::test_success_abstain_no_policies PASSED [ 91%]
tests/unit/policy/test_extension_registry.py::test_extension_registry_registration_and_conflict PASSED [ 91%]
tests/unit/policy/test_policy_basic_eval.py::test_policy_allows_matching_condition PASSED [ 92%]
tests/unit/policy/test_policy_basic_eval.py::test_policy_denies_matching_condition PASSED [ 92%]
tests/unit/policy/test_policy_basic_eval.py::test_policy_abstains_when_no_match PASSED [ 92%]
tests/unit/policy/test_policy_basic_eval.py::test_policy_version_ordering PASSED [ 92%]
tests/unit/policy/test_policy_extension_registry.py::test_register_and_retrieve_extension PASSED [ 93%]
tests/unit/policy/test_policy_extension_registry.py::test_duplicate_registration_conflict PASSED [ 93%]
tests/unit/policy/test_policy_extension_registry.py::test_default_registry_singleton PASSED [ 93%]
tests/unit/policy/test_policy_versioning.py::test_policy_version_rollback_selects_specific_version PASSED [ 93%]
tests/unit/policy/test_role_enforcement.py::test_undefined_role_rejected PASSED [ 94%]
tests/unit/policy/test_role_enforcement.py::test_defined_roles_allow_evaluation PASSED [ 94%]
tests/unit/policy/test_tenant_admin_implicit_allow.py::test_tenant_admin_implicit_allow_without_explicit_policy PASSED [ 94%]
tests/unit/policy/test_tenant_admin_implicit_allow.py::test_tenant_admin_restricted_action_requires_policy PASSED [ 94%]
tests/unit/security/test_error_envelope_schema.py::test_error_envelope_schema FAILED [ 95%]
tests/unit/security/test_failed_token_validation_logging.py::test_failed_token_validation_logging FAILED [ 95%]